[2025-01-27T14:06:17.940+0000][gc,heap] Heap region size: 1M
[2025-01-27T14:06:17.950+0000][gc     ] Using G1
[2025-01-27T14:06:17.950+0000][gc,heap,coops] Heap address: 0x00000000c0000000, size: 1024 MB, Compressed Oops mode: 32-bit
[2025-01-27T14:06:17.950+0000][gc,cds       ] Mark closed archive regions in map: [0x00000000fff00000, 0x00000000fff6bff8]
[2025-01-27T14:06:17.950+0000][gc,cds       ] Mark open archive regions in map: [0x00000000ffe00000, 0x00000000ffe47ff8]
[2025-01-27T14:06:19.117+0000][gc,start     ] GC(0) Pause Young (Normal) (G1 Evacuation Pause)
[2025-01-27T14:06:19.118+0000][gc,task      ] GC(0) Using 2 workers of 2 for evacuation
[2025-01-27T14:06:19.134+0000][gc,phases    ] GC(0)   Pre Evacuate Collection Set: 0.0ms
[2025-01-27T14:06:19.134+0000][gc,phases    ] GC(0)   Evacuate Collection Set: 15.9ms
[2025-01-27T14:06:19.134+0000][gc,phases    ] GC(0)   Post Evacuate Collection Set: 0.4ms
[2025-01-27T14:06:19.134+0000][gc,phases    ] GC(0)   Other: 0.3ms
[2025-01-27T14:06:19.134+0000][gc,heap      ] GC(0) Eden regions: 51->0(44)
[2025-01-27T14:06:19.134+0000][gc,heap      ] GC(0) Survivor regions: 0->7(7)
[2025-01-27T14:06:19.134+0000][gc,heap      ] GC(0) Old regions: 2->2
[2025-01-27T14:06:19.134+0000][gc,heap      ] GC(0) Humongous regions: 0->0
[2025-01-27T14:06:19.134+0000][gc,metaspace ] GC(0) Metaspace: 16839K(17536K)->16839K(17536K) NonClass: 14619K(15104K)->14619K(15104K) Class: 2219K(2432K)->2219K(2432K)
[2025-01-27T14:06:19.134+0000][gc           ] GC(0) Pause Young (Normal) (G1 Evacuation Pause) 51M->7M(1024M) 16.715ms
[2025-01-27T14:06:19.134+0000][gc,cpu       ] GC(0) User=0.02s Sys=0.01s Real=0.02s
[2025-01-27T14:06:19.421+0000][gc,start     ] GC(1) Pause Young (Concurrent Start) (Metadata GC Threshold)
[2025-01-27T14:06:19.421+0000][gc,task      ] GC(1) Using 2 workers of 2 for evacuation
[2025-01-27T14:06:19.434+0000][gc,phases    ] GC(1)   Pre Evacuate Collection Set: 0.1ms
[2025-01-27T14:06:19.434+0000][gc,phases    ] GC(1)   Evacuate Collection Set: 12.2ms
[2025-01-27T14:06:19.434+0000][gc,phases    ] GC(1)   Post Evacuate Collection Set: 0.3ms
[2025-01-27T14:06:19.434+0000][gc,phases    ] GC(1)   Other: 0.2ms
[2025-01-27T14:06:19.434+0000][gc,heap      ] GC(1) Eden regions: 16->0(50)
[2025-01-27T14:06:19.434+0000][gc,heap      ] GC(1) Survivor regions: 7->1(7)
[2025-01-27T14:06:19.434+0000][gc,heap      ] GC(1) Old regions: 2->9
[2025-01-27T14:06:19.434+0000][gc,heap      ] GC(1) Humongous regions: 0->0
[2025-01-27T14:06:19.434+0000][gc,metaspace ] GC(1) Metaspace: 20589K(21248K)->20589K(21248K) NonClass: 17773K(18176K)->17773K(18176K) Class: 2816K(3072K)->2816K(3072K)
[2025-01-27T14:06:19.434+0000][gc           ] GC(1) Pause Young (Concurrent Start) (Metadata GC Threshold) 23M->7M(1024M) 12.900ms
[2025-01-27T14:06:19.434+0000][gc,cpu       ] GC(1) User=0.02s Sys=0.00s Real=0.01s
[2025-01-27T14:06:19.434+0000][gc           ] GC(2) Concurrent Cycle
[2025-01-27T14:06:19.434+0000][gc,marking   ] GC(2) Concurrent Clear Claimed Marks
[2025-01-27T14:06:19.434+0000][gc,marking   ] GC(2) Concurrent Clear Claimed Marks 0.057ms
[2025-01-27T14:06:19.434+0000][gc,marking   ] GC(2) Concurrent Scan Root Regions
[2025-01-27T14:06:19.434+0000][gc,marking   ] GC(2) Concurrent Scan Root Regions 0.705ms
[2025-01-27T14:06:19.435+0000][gc,marking   ] GC(2) Concurrent Mark (1.497s)
[2025-01-27T14:06:19.435+0000][gc,marking   ] GC(2) Concurrent Mark From Roots
[2025-01-27T14:06:19.435+0000][gc,task      ] GC(2) Using 1 workers of 1 for marking
[2025-01-27T14:06:19.444+0000][gc,marking   ] GC(2) Concurrent Mark From Roots 9.218ms
[2025-01-27T14:06:19.444+0000][gc,marking   ] GC(2) Concurrent Preclean
[2025-01-27T14:06:19.444+0000][gc,marking   ] GC(2) Concurrent Preclean 0.053ms
[2025-01-27T14:06:19.444+0000][gc,marking   ] GC(2) Concurrent Mark (1.497s, 1.506s) 9.354ms
[2025-01-27T14:06:19.444+0000][gc,start     ] GC(2) Pause Remark
[2025-01-27T14:06:19.446+0000][gc,stringtable] GC(2) Cleaned string and symbol table, strings: 5532 processed, 0 removed, symbols: 50589 processed, 50 removed
[2025-01-27T14:06:19.447+0000][gc            ] GC(2) Pause Remark 8M->8M(1024M) 2.457ms
[2025-01-27T14:06:19.447+0000][gc,cpu        ] GC(2) User=0.00s Sys=0.00s Real=0.00s
[2025-01-27T14:06:19.447+0000][gc,marking    ] GC(2) Concurrent Rebuild Remembered Sets
[2025-01-27T14:06:19.452+0000][gc,marking    ] GC(2) Concurrent Rebuild Remembered Sets 4.898ms
[2025-01-27T14:06:19.452+0000][gc,start      ] GC(2) Pause Cleanup
[2025-01-27T14:06:19.452+0000][gc            ] GC(2) Pause Cleanup 8M->8M(1024M) 0.208ms
[2025-01-27T14:06:19.452+0000][gc,cpu        ] GC(2) User=0.00s Sys=0.00s Real=0.00s
[2025-01-27T14:06:19.452+0000][gc,marking    ] GC(2) Concurrent Cleanup for Next Mark
[2025-01-27T14:06:19.460+0000][gc,marking    ] GC(2) Concurrent Cleanup for Next Mark 8.152ms
[2025-01-27T14:06:19.460+0000][gc            ] GC(2) Concurrent Cycle 26.802ms
[2025-01-27T14:06:20.205+0000][gc,start      ] GC(3) Pause Young (Normal) (G1 Evacuation Pause)
[2025-01-27T14:06:20.205+0000][gc,task       ] GC(3) Using 2 workers of 2 for evacuation
[2025-01-27T14:06:20.213+0000][gc,phases     ] GC(3)   Pre Evacuate Collection Set: 0.0ms
[2025-01-27T14:06:20.213+0000][gc,phases     ] GC(3)   Evacuate Collection Set: 7.9ms
[2025-01-27T14:06:20.213+0000][gc,phases     ] GC(3)   Post Evacuate Collection Set: 0.3ms
[2025-01-27T14:06:20.213+0000][gc,phases     ] GC(3)   Other: 0.2ms
[2025-01-27T14:06:20.213+0000][gc,heap       ] GC(3) Eden regions: 50->0(46)
[2025-01-27T14:06:20.213+0000][gc,heap       ] GC(3) Survivor regions: 1->5(7)
[2025-01-27T14:06:20.213+0000][gc,heap       ] GC(3) Old regions: 9->9
[2025-01-27T14:06:20.213+0000][gc,heap       ] GC(3) Humongous regions: 129->129
[2025-01-27T14:06:20.213+0000][gc,metaspace  ] GC(3) Metaspace: 30764K(31868K)->30764K(31868K) NonClass: 26984K(27648K)->26984K(27648K) Class: 3780K(4220K)->3780K(4220K)
[2025-01-27T14:06:20.213+0000][gc            ] GC(3) Pause Young (Normal) (G1 Evacuation Pause) 186M->140M(1024M) 8.742ms
[2025-01-27T14:06:20.213+0000][gc,cpu        ] GC(3) User=0.01s Sys=0.00s Real=0.01s
[2025-01-27T14:06:54.304+0000][gc,start      ] GC(4) Pause Young (Concurrent Start) (Metadata GC Threshold)
[2025-01-27T14:06:54.304+0000][gc,task       ] GC(4) Using 2 workers of 2 for evacuation
[2025-01-27T14:06:54.324+0000][gc,phases     ] GC(4)   Pre Evacuate Collection Set: 0.1ms
[2025-01-27T14:06:54.324+0000][gc,phases     ] GC(4)   Evacuate Collection Set: 19.0ms
[2025-01-27T14:06:54.324+0000][gc,phases     ] GC(4)   Post Evacuate Collection Set: 0.4ms
[2025-01-27T14:06:54.324+0000][gc,phases     ] GC(4)   Other: 0.2ms
[2025-01-27T14:06:54.324+0000][gc,heap       ] GC(4) Eden regions: 19->0(49)
[2025-01-27T14:06:54.324+0000][gc,heap       ] GC(4) Survivor regions: 5->2(7)
[2025-01-27T14:06:54.324+0000][gc,heap       ] GC(4) Old regions: 9->13
[2025-01-27T14:06:54.324+0000][gc,heap       ] GC(4) Humongous regions: 129->129
[2025-01-27T14:06:54.324+0000][gc,metaspace  ] GC(4) Metaspace: 34636K(36048K)->34636K(36048K) NonClass: 30208K(30932K)->30208K(30932K) Class: 4427K(5116K)->4427K(5116K)
[2025-01-27T14:06:54.324+0000][gc            ] GC(4) Pause Young (Concurrent Start) (Metadata GC Threshold) 159M->141M(1024M) 19.838ms
[2025-01-27T14:06:54.324+0000][gc,cpu        ] GC(4) User=0.03s Sys=0.00s Real=0.02s
[2025-01-27T14:06:54.324+0000][gc            ] GC(5) Concurrent Cycle
[2025-01-27T14:06:54.324+0000][gc,marking    ] GC(5) Concurrent Clear Claimed Marks
[2025-01-27T14:06:54.324+0000][gc,marking    ] GC(5) Concurrent Clear Claimed Marks 0.095ms
[2025-01-27T14:06:54.324+0000][gc,marking    ] GC(5) Concurrent Scan Root Regions
[2025-01-27T14:06:54.328+0000][gc,marking    ] GC(5) Concurrent Scan Root Regions 3.517ms
[2025-01-27T14:06:54.328+0000][gc,marking    ] GC(5) Concurrent Mark (36.390s)
[2025-01-27T14:06:54.328+0000][gc,marking    ] GC(5) Concurrent Mark From Roots
[2025-01-27T14:06:54.328+0000][gc,task       ] GC(5) Using 1 workers of 1 for marking
[2025-01-27T14:06:54.394+0000][gc,marking    ] GC(5) Concurrent Mark From Roots 66.702ms
[2025-01-27T14:06:54.394+0000][gc,marking    ] GC(5) Concurrent Preclean
[2025-01-27T14:06:54.394+0000][gc,marking    ] GC(5) Concurrent Preclean 0.090ms
[2025-01-27T14:06:54.394+0000][gc,marking    ] GC(5) Concurrent Mark (36.390s, 36.457s) 66.856ms
[2025-01-27T14:06:54.397+0000][gc,start      ] GC(5) Pause Remark
[2025-01-27T14:06:54.401+0000][gc,stringtable] GC(5) Cleaned string and symbol table, strings: 10108 processed, 10 removed, symbols: 81140 processed, 24 removed
[2025-01-27T14:06:54.401+0000][gc            ] GC(5) Pause Remark 145M->145M(1024M) 3.945ms
[2025-01-27T14:06:54.401+0000][gc,cpu        ] GC(5) User=0.01s Sys=0.00s Real=0.01s
[2025-01-27T14:06:54.401+0000][gc,marking    ] GC(5) Concurrent Rebuild Remembered Sets
[2025-01-27T14:06:54.414+0000][gc,marking    ] GC(5) Concurrent Rebuild Remembered Sets 12.376ms
[2025-01-27T14:06:54.414+0000][gc,start      ] GC(5) Pause Cleanup
[2025-01-27T14:06:54.414+0000][gc            ] GC(5) Pause Cleanup 145M->145M(1024M) 0.208ms
[2025-01-27T14:06:54.414+0000][gc,cpu        ] GC(5) User=0.00s Sys=0.00s Real=0.00s
[2025-01-27T14:06:54.414+0000][gc,marking    ] GC(5) Concurrent Cleanup for Next Mark
[2025-01-27T14:06:54.421+0000][gc,marking    ] GC(5) Concurrent Cleanup for Next Mark 6.831ms
[2025-01-27T14:06:54.421+0000][gc            ] GC(5) Concurrent Cycle 97.319ms
[2025-01-27T14:48:38.029+0000][gc,start      ] GC(6) Pause Young (Concurrent Start) (G1 Evacuation Pause)
[2025-01-27T14:48:38.029+0000][gc,task       ] GC(6) Using 2 workers of 2 for evacuation
[2025-01-27T14:48:38.041+0000][gc,phases     ] GC(6)   Pre Evacuate Collection Set: 0.1ms
[2025-01-27T14:48:38.041+0000][gc,phases     ] GC(6)   Evacuate Collection Set: 10.6ms
[2025-01-27T14:48:38.041+0000][gc,phases     ] GC(6)   Post Evacuate Collection Set: 0.4ms
[2025-01-27T14:48:38.041+0000][gc,phases     ] GC(6)   Other: 0.8ms
[2025-01-27T14:48:38.041+0000][gc,heap       ] GC(6) Eden regions: 49->0(49)
[2025-01-27T14:48:38.041+0000][gc,heap       ] GC(6) Survivor regions: 2->2(7)
[2025-01-27T14:48:38.041+0000][gc,heap       ] GC(6) Old regions: 13->13
[2025-01-27T14:48:38.041+0000][gc,heap       ] GC(6) Humongous regions: 129->129
[2025-01-27T14:48:38.041+0000][gc,metaspace  ] GC(6) Metaspace: 37709K(39708K)->37709K(39708K) NonClass: 32903K(34004K)->32903K(34004K) Class: 4806K(5704K)->4806K(5704K)
[2025-01-27T14:48:38.041+0000][gc            ] GC(6) Pause Young (Concurrent Start) (G1 Evacuation Pause) 190M->142M(1024M) 12.614ms
[2025-01-27T14:48:38.041+0000][gc,cpu        ] GC(6) User=0.01s Sys=0.00s Real=0.01s
[2025-01-27T14:48:38.042+0000][gc            ] GC(7) Concurrent Cycle
[2025-01-27T14:48:38.043+0000][gc,marking    ] GC(7) Concurrent Clear Claimed Marks
[2025-01-27T14:48:38.046+0000][gc,marking    ] GC(7) Concurrent Clear Claimed Marks 3.440ms
[2025-01-27T14:48:38.046+0000][gc,marking    ] GC(7) Concurrent Scan Root Regions
[2025-01-27T14:48:38.052+0000][gc,marking    ] GC(7) Concurrent Scan Root Regions 6.157ms
[2025-01-27T14:48:38.053+0000][gc,marking    ] GC(7) Concurrent Mark (2540.115s)
[2025-01-27T14:48:38.053+0000][gc,marking    ] GC(7) Concurrent Mark From Roots
[2025-01-27T14:48:38.053+0000][gc,task       ] GC(7) Using 1 workers of 1 for marking
[2025-01-27T14:48:38.093+0000][gc,marking    ] GC(7) Concurrent Mark From Roots 40.665ms
[2025-01-27T14:48:38.093+0000][gc,marking    ] GC(7) Concurrent Preclean
[2025-01-27T14:48:38.094+0000][gc,marking    ] GC(7) Concurrent Preclean 0.335ms
[2025-01-27T14:48:38.094+0000][gc,marking    ] GC(7) Concurrent Mark (2540.115s, 2540.156s) 41.220ms
[2025-01-27T14:48:38.094+0000][gc,start      ] GC(7) Pause Remark
[2025-01-27T14:48:38.108+0000][gc,stringtable] GC(7) Cleaned string and symbol table, strings: 10861 processed, 301 removed, symbols: 82837 processed, 5 removed
[2025-01-27T14:48:38.109+0000][gc            ] GC(7) Pause Remark 145M->145M(1024M) 14.652ms
[2025-01-27T14:48:38.109+0000][gc,cpu        ] GC(7) User=0.03s Sys=0.00s Real=0.02s
[2025-01-27T14:48:38.109+0000][gc,marking    ] GC(7) Concurrent Rebuild Remembered Sets
[2025-01-27T14:48:38.118+0000][gc,marking    ] GC(7) Concurrent Rebuild Remembered Sets 8.795ms
[2025-01-27T14:48:38.120+0000][gc,start      ] GC(7) Pause Cleanup
[2025-01-27T14:48:38.121+0000][gc            ] GC(7) Pause Cleanup 146M->146M(1024M) 0.149ms
[2025-01-27T14:48:38.121+0000][gc,cpu        ] GC(7) User=0.00s Sys=0.00s Real=0.00s
[2025-01-27T14:48:38.121+0000][gc,marking    ] GC(7) Concurrent Cleanup for Next Mark
[2025-01-27T14:48:38.122+0000][gc,marking    ] GC(7) Concurrent Cleanup for Next Mark 1.647ms
[2025-01-27T14:48:38.122+0000][gc            ] GC(7) Concurrent Cycle 80.849ms
[2025-01-27T14:49:00.540+0000][gc,start      ] GC(8) Pause Young (Normal) (G1 Evacuation Pause)
[2025-01-27T14:49:00.540+0000][gc,task       ] GC(8) Using 2 workers of 2 for evacuation
[2025-01-27T14:49:00.549+0000][gc,phases     ] GC(8)   Pre Evacuate Collection Set: 0.0ms
[2025-01-27T14:49:00.549+0000][gc,phases     ] GC(8)   Evacuate Collection Set: 8.2ms
[2025-01-27T14:49:00.549+0000][gc,phases     ] GC(8)   Post Evacuate Collection Set: 0.6ms
[2025-01-27T14:49:00.549+0000][gc,phases     ] GC(8)   Other: 0.2ms
[2025-01-27T14:49:00.549+0000][gc,heap       ] GC(8) Eden regions: 49->0(46)
[2025-01-27T14:49:00.549+0000][gc,heap       ] GC(8) Survivor regions: 2->5(7)
[2025-01-27T14:49:00.549+0000][gc,heap       ] GC(8) Old regions: 13->13
[2025-01-27T14:49:00.549+0000][gc,heap       ] GC(8) Humongous regions: 129->129
[2025-01-27T14:49:00.549+0000][gc,metaspace  ] GC(8) Metaspace: 39861K(41884K)->39861K(41884K) NonClass: 34763K(35796K)->34763K(35796K) Class: 5098K(6088K)->5098K(6088K)
[2025-01-27T14:49:00.549+0000][gc            ] GC(8) Pause Young (Normal) (G1 Evacuation Pause) 191M->145M(1024M) 9.161ms
[2025-01-27T14:49:00.549+0000][gc,cpu        ] GC(8) User=0.02s Sys=0.00s Real=0.01s
[2025-01-27T14:49:41.659+0000][gc,start      ] GC(9) Pause Young (Normal) (G1 Evacuation Pause)
[2025-01-27T14:49:41.659+0000][gc,task       ] GC(9) Using 2 workers of 2 for evacuation
[2025-01-27T14:49:41.668+0000][gc,phases     ] GC(9)   Pre Evacuate Collection Set: 0.0ms
[2025-01-27T14:49:41.668+0000][gc,phases     ] GC(9)   Evacuate Collection Set: 8.2ms
[2025-01-27T14:49:41.668+0000][gc,phases     ] GC(9)   Post Evacuate Collection Set: 0.6ms
[2025-01-27T14:49:41.668+0000][gc,phases     ] GC(9)   Other: 0.2ms
[2025-01-27T14:49:41.668+0000][gc,heap       ] GC(9) Eden regions: 46->0(47)
[2025-01-27T14:49:41.668+0000][gc,heap       ] GC(9) Survivor regions: 5->4(7)
[2025-01-27T14:49:41.668+0000][gc,heap       ] GC(9) Old regions: 13->14
[2025-01-27T14:49:41.668+0000][gc,heap       ] GC(9) Humongous regions: 129->129
[2025-01-27T14:49:41.668+0000][gc,metaspace  ] GC(9) Metaspace: 39910K(41884K)->39910K(41884K) NonClass: 34812K(35796K)->34812K(35796K) Class: 5098K(6088K)->5098K(6088K)
[2025-01-27T14:49:41.668+0000][gc            ] GC(9) Pause Young (Normal) (G1 Evacuation Pause) 191M->145M(1024M) 9.084ms
[2025-01-27T14:49:41.668+0000][gc,cpu        ] GC(9) User=0.01s Sys=0.00s Real=0.01s
[2025-01-27T14:50:25.214+0000][gc,start      ] GC(10) Pause Young (Normal) (G1 Evacuation Pause)
[2025-01-27T14:50:25.214+0000][gc,task       ] GC(10) Using 2 workers of 2 for evacuation
[2025-01-27T14:50:25.222+0000][gc,phases     ] GC(10)   Pre Evacuate Collection Set: 0.0ms
[2025-01-27T14:50:25.222+0000][gc,phases     ] GC(10)   Evacuate Collection Set: 7.1ms
[2025-01-27T14:50:25.222+0000][gc,phases     ] GC(10)   Post Evacuate Collection Set: 0.3ms
[2025-01-27T14:50:25.222+0000][gc,phases     ] GC(10)   Other: 0.2ms
[2025-01-27T14:50:25.222+0000][gc,heap       ] GC(10) Eden regions: 47->0(48)
[2025-01-27T14:50:25.222+0000][gc,heap       ] GC(10) Survivor regions: 4->3(7)
[2025-01-27T14:50:25.222+0000][gc,heap       ] GC(10) Old regions: 14->15
[2025-01-27T14:50:25.222+0000][gc,heap       ] GC(10) Humongous regions: 129->129
[2025-01-27T14:50:25.222+0000][gc,metaspace  ] GC(10) Metaspace: 39956K(41884K)->39956K(41884K) NonClass: 34857K(35796K)->34857K(35796K) Class: 5098K(6088K)->5098K(6088K)
[2025-01-27T14:50:25.222+0000][gc            ] GC(10) Pause Young (Normal) (G1 Evacuation Pause) 192M->145M(1024M) 7.751ms
[2025-01-27T14:50:25.222+0000][gc,cpu        ] GC(10) User=0.02s Sys=0.00s Real=0.01s
[2025-01-27T14:51:09.661+0000][gc,start      ] GC(11) Pause Young (Normal) (G1 Evacuation Pause)
[2025-01-27T14:51:09.661+0000][gc,task       ] GC(11) Using 2 workers of 2 for evacuation
[2025-01-27T14:51:09.667+0000][gc,phases     ] GC(11)   Pre Evacuate Collection Set: 0.0ms
[2025-01-27T14:51:09.667+0000][gc,phases     ] GC(11)   Evacuate Collection Set: 5.5ms
[2025-01-27T14:51:09.667+0000][gc,phases     ] GC(11)   Post Evacuate Collection Set: 0.3ms
[2025-01-27T14:51:09.667+0000][gc,phases     ] GC(11)   Other: 0.2ms
[2025-01-27T14:51:09.667+0000][gc,heap       ] GC(11) Eden regions: 48->0(48)
[2025-01-27T14:51:09.667+0000][gc,heap       ] GC(11) Survivor regions: 3->3(7)
[2025-01-27T14:51:09.667+0000][gc,heap       ] GC(11) Old regions: 15->15
[2025-01-27T14:51:09.667+0000][gc,heap       ] GC(11) Humongous regions: 129->129
[2025-01-27T14:51:09.667+0000][gc,metaspace  ] GC(11) Metaspace: 40012K(42140K)->40012K(42140K) NonClass: 34913K(36052K)->34913K(36052K) Class: 5098K(6088K)->5098K(6088K)
[2025-01-27T14:51:09.668+0000][gc            ] GC(11) Pause Young (Normal) (G1 Evacuation Pause) 193M->145M(1024M) 6.161ms
[2025-01-27T14:51:09.668+0000][gc,cpu        ] GC(11) User=0.01s Sys=0.00s Real=0.01s
[2025-01-27T14:51:55.125+0000][gc,start      ] GC(12) Pause Young (Normal) (G1 Evacuation Pause)
[2025-01-27T14:51:55.125+0000][gc,task       ] GC(12) Using 2 workers of 2 for evacuation
[2025-01-27T14:51:55.130+0000][gc,phases     ] GC(12)   Pre Evacuate Collection Set: 0.0ms
[2025-01-27T14:51:55.130+0000][gc,phases     ] GC(12)   Evacuate Collection Set: 5.2ms
[2025-01-27T14:51:55.130+0000][gc,phases     ] GC(12)   Post Evacuate Collection Set: 0.3ms
[2025-01-27T14:51:55.130+0000][gc,phases     ] GC(12)   Other: 0.2ms
[2025-01-27T14:51:55.130+0000][gc,heap       ] GC(12) Eden regions: 48->0(47)
[2025-01-27T14:51:55.130+0000][gc,heap       ] GC(12) Survivor regions: 3->4(7)
[2025-01-27T14:51:55.130+0000][gc,heap       ] GC(12) Old regions: 15->15
[2025-01-27T14:51:55.130+0000][gc,heap       ] GC(12) Humongous regions: 129->129
[2025-01-27T14:51:55.130+0000][gc,metaspace  ] GC(12) Metaspace: 40100K(42140K)->40100K(42140K) NonClass: 35000K(36052K)->35000K(36052K) Class: 5100K(6088K)->5100K(6088K)
[2025-01-27T14:51:55.130+0000][gc            ] GC(12) Pause Young (Normal) (G1 Evacuation Pause) 193M->145M(1024M) 5.863ms
[2025-01-27T14:51:55.130+0000][gc,cpu        ] GC(12) User=0.01s Sys=0.00s Real=0.01s
[2025-01-27T14:52:39.473+0000][gc,start      ] GC(13) Pause Young (Normal) (G1 Evacuation Pause)
[2025-01-27T14:52:39.473+0000][gc,task       ] GC(13) Using 2 workers of 2 for evacuation
[2025-01-27T14:52:39.486+0000][gc,phases     ] GC(13)   Pre Evacuate Collection Set: 0.0ms
[2025-01-27T14:52:39.486+0000][gc,phases     ] GC(13)   Evacuate Collection Set: 12.8ms
[2025-01-27T14:52:39.486+0000][gc,phases     ] GC(13)   Post Evacuate Collection Set: 0.4ms
[2025-01-27T14:52:39.486+0000][gc,phases     ] GC(13)   Other: 0.2ms
[2025-01-27T14:52:39.486+0000][gc,heap       ] GC(13) Eden regions: 47->0(47)
[2025-01-27T14:52:39.486+0000][gc,heap       ] GC(13) Survivor regions: 4->4(7)
[2025-01-27T14:52:39.486+0000][gc,heap       ] GC(13) Old regions: 15->15
[2025-01-27T14:52:39.486+0000][gc,heap       ] GC(13) Humongous regions: 129->129
[2025-01-27T14:52:39.486+0000][gc,metaspace  ] GC(13) Metaspace: 40126K(42140K)->40126K(42140K) NonClass: 35026K(36052K)->35026K(36052K) Class: 5100K(6088K)->5100K(6088K)
[2025-01-27T14:52:39.486+0000][gc            ] GC(13) Pause Young (Normal) (G1 Evacuation Pause) 192M->145M(1024M) 13.534ms
[2025-01-27T14:52:39.486+0000][gc,cpu        ] GC(13) User=0.01s Sys=0.00s Real=0.01s
[2025-01-27T14:53:24.192+0000][gc,start      ] GC(14) Pause Young (Normal) (G1 Evacuation Pause)
[2025-01-27T14:53:24.192+0000][gc,task       ] GC(14) Using 2 workers of 2 for evacuation
[2025-01-27T14:53:24.198+0000][gc,phases     ] GC(14)   Pre Evacuate Collection Set: 0.0ms
[2025-01-27T14:53:24.198+0000][gc,phases     ] GC(14)   Evacuate Collection Set: 6.0ms
[2025-01-27T14:53:24.198+0000][gc,phases     ] GC(14)   Post Evacuate Collection Set: 0.3ms
[2025-01-27T14:53:24.198+0000][gc,phases     ] GC(14)   Other: 0.2ms
[2025-01-27T14:53:24.198+0000][gc,heap       ] GC(14) Eden regions: 47->0(47)
[2025-01-27T14:53:24.198+0000][gc,heap       ] GC(14) Survivor regions: 4->4(7)
[2025-01-27T14:53:24.198+0000][gc,heap       ] GC(14) Old regions: 15->15
[2025-01-27T14:53:24.198+0000][gc,heap       ] GC(14) Humongous regions: 129->129
[2025-01-27T14:53:24.199+0000][gc,metaspace  ] GC(14) Metaspace: 40170K(42396K)->40170K(42396K) NonClass: 35070K(36308K)->35070K(36308K) Class: 5100K(6088K)->5100K(6088K)
[2025-01-27T14:53:24.199+0000][gc            ] GC(14) Pause Young (Normal) (G1 Evacuation Pause) 192M->145M(1024M) 6.715ms
[2025-01-27T14:53:24.199+0000][gc,cpu        ] GC(14) User=0.01s Sys=0.00s Real=0.00s
[2025-01-27T14:54:08.507+0000][gc,start      ] GC(15) Pause Young (Normal) (G1 Evacuation Pause)
[2025-01-27T14:54:08.507+0000][gc,task       ] GC(15) Using 2 workers of 2 for evacuation
[2025-01-27T14:54:08.514+0000][gc,phases     ] GC(15)   Pre Evacuate Collection Set: 0.0ms
[2025-01-27T14:54:08.514+0000][gc,phases     ] GC(15)   Evacuate Collection Set: 6.2ms
[2025-01-27T14:54:08.514+0000][gc,phases     ] GC(15)   Post Evacuate Collection Set: 0.3ms
[2025-01-27T14:54:08.514+0000][gc,phases     ] GC(15)   Other: 0.2ms
[2025-01-27T14:54:08.514+0000][gc,heap       ] GC(15) Eden regions: 47->0(50)
[2025-01-27T14:54:08.514+0000][gc,heap       ] GC(15) Survivor regions: 4->4(7)
[2025-01-27T14:54:08.514+0000][gc,heap       ] GC(15) Old regions: 15->15
[2025-01-27T14:54:08.514+0000][gc,heap       ] GC(15) Humongous regions: 129->129
[2025-01-27T14:54:08.514+0000][gc,metaspace  ] GC(15) Metaspace: 40210K(42396K)->40210K(42396K) NonClass: 35110K(36308K)->35110K(36308K) Class: 5100K(6088K)->5100K(6088K)
[2025-01-27T14:54:08.514+0000][gc            ] GC(15) Pause Young (Normal) (G1 Evacuation Pause) 192M->145M(1024M) 6.867ms
[2025-01-27T14:54:08.514+0000][gc,cpu        ] GC(15) User=0.01s Sys=0.00s Real=0.00s
